// Vitest Snapshot v1, https://vitest.dev/guide/snapshot.html

exports[`BaseContentPlaceholdersText four line animated rounded 1`] = `
PlaywrightLocator {
  "_container": <body>
    
    
    
  


    <div>
      <div
        class="base-content-placeholders-text base-content-placeholders-is-rounded base-content-placeholders-is-animated"
        data-testid="text-placeholder"
      >
        
        <div
          class="w-full h-full base-content-placeholders-text__line flex flex-col"
        />
        <div
          class="w-full h-full base-content-placeholders-text__line flex flex-col"
        />
        <div
          class="w-full h-full base-content-placeholders-text__line flex flex-col"
        />
        <div
          class="w-full h-full base-content-placeholders-text__line flex flex-col"
        />
        
      </div>
    </div>
  </body>,
  "_parsedSelector": {
    "capture": undefined,
    "parts": [
      {
        "body": [
          {
            "simples": [
              {
                "combinator": "",
                "selector": {
                  "css": "body",
                  "functions": [],
                },
              },
            ],
          },
        ],
        "name": "css",
        "source": "body",
      },
      {
        "body": "[data-testid="text-placeholder"s]",
        "name": "internal:testid",
        "source": "[data-testid="text-placeholder"s]",
      },
    ],
  },
  "_pwSelector": undefined,
  "selector": "body >> internal:testid=[data-testid="text-placeholder"s]",
}
`;
